2025-12-11 03:23:43,437 - INFO - Start training Bài 1 - Seq2Seq LSTM (NO ATTENTION) on PhoMT
2025-12-11 03:23:43,548 - INFO - Loading vocab from cache...
2025-12-11 03:25:56,534 - INFO - Epoch 1 step 100/2500 loss 6.4240
2025-12-11 03:27:57,448 - INFO - Epoch 1 step 200/2500 loss 6.1641
2025-12-11 03:30:05,411 - INFO - Epoch 1 step 300/2500 loss 5.7791
2025-12-11 03:32:09,886 - INFO - Epoch 1 step 400/2500 loss 5.3935
2025-12-11 03:34:26,265 - INFO - Epoch 1 step 500/2500 loss 5.0251
2025-12-11 03:36:36,235 - INFO - Epoch 1 step 600/2500 loss 4.6882
2025-12-11 03:38:44,300 - INFO - Epoch 1 step 700/2500 loss 4.3941
2025-12-11 03:40:45,665 - INFO - Epoch 1 step 800/2500 loss 4.1404
2025-12-11 03:43:00,176 - INFO - Epoch 1 step 900/2500 loss 3.9151
2025-12-11 03:45:05,438 - INFO - Epoch 1 step 1000/2500 loss 3.7122
2025-12-11 03:47:09,579 - INFO - Epoch 1 step 1100/2500 loss 3.5298
2025-12-11 03:49:19,347 - INFO - Epoch 1 step 1200/2500 loss 3.3624
2025-12-11 03:51:16,720 - INFO - Epoch 1 step 1300/2500 loss 3.2136
2025-12-11 03:53:29,310 - INFO - Epoch 1 step 1400/2500 loss 3.0795
2025-12-11 03:55:35,106 - INFO - Epoch 1 step 1500/2500 loss 2.9556
2025-12-11 03:57:47,778 - INFO - Epoch 1 step 1600/2500 loss 2.8418
2025-12-11 03:59:45,554 - INFO - Epoch 1 step 1700/2500 loss 2.7379
2025-12-11 04:02:02,809 - INFO - Epoch 1 step 1800/2500 loss 2.6402
2025-12-11 04:04:05,261 - INFO - Epoch 1 step 1900/2500 loss 2.5522
2025-12-11 04:06:03,955 - INFO - Epoch 1 step 2000/2500 loss 2.4669
2025-12-11 04:08:05,191 - INFO - Epoch 1 step 2100/2500 loss 2.3908
2025-12-11 04:10:13,469 - INFO - Epoch 1 step 2200/2500 loss 2.3202
2025-12-11 04:12:19,859 - INFO - Epoch 1 step 2300/2500 loss 2.2526
2025-12-11 04:14:30,430 - INFO - Epoch 1 step 2400/2500 loss 2.1894
2025-12-11 04:16:52,683 - INFO - Epoch 1 step 2500/2500 loss 2.1291
2025-12-11 04:18:09,531 - INFO - Epoch 1/3 | Loss: 2.1291 | ROUGE-L dev: 0.0674
2025-12-11 04:20:27,011 - INFO - Epoch 2 step 100/2500 loss 0.5906
2025-12-11 04:22:29,286 - INFO - Epoch 2 step 200/2500 loss 0.5952
2025-12-11 04:24:38,184 - INFO - Epoch 2 step 300/2500 loss 0.5941
2025-12-11 04:26:48,807 - INFO - Epoch 2 step 400/2500 loss 0.5855
2025-12-11 04:29:03,568 - INFO - Epoch 2 step 500/2500 loss 0.5745
2025-12-11 04:31:04,764 - INFO - Epoch 2 step 600/2500 loss 0.5717
2025-12-11 04:33:19,817 - INFO - Epoch 2 step 700/2500 loss 0.5608
2025-12-11 04:35:21,817 - INFO - Epoch 2 step 800/2500 loss 0.5518
2025-12-11 04:37:30,483 - INFO - Epoch 2 step 900/2500 loss 0.5418
2025-12-11 04:39:39,196 - INFO - Epoch 2 step 1000/2500 loss 0.5301
2025-12-11 04:41:47,542 - INFO - Epoch 2 step 1100/2500 loss 0.5192
2025-12-11 04:43:54,187 - INFO - Epoch 2 step 1200/2500 loss 0.5108
2025-12-11 04:45:58,858 - INFO - Epoch 2 step 1300/2500 loss 0.5019
2025-12-11 04:48:02,233 - INFO - Epoch 2 step 1400/2500 loss 0.4947
2025-12-11 04:50:15,439 - INFO - Epoch 2 step 1500/2500 loss 0.4867
2025-12-11 04:52:18,309 - INFO - Epoch 2 step 1600/2500 loss 0.4765
2025-12-11 04:54:28,079 - INFO - Epoch 2 step 1700/2500 loss 0.4705
2025-12-11 04:56:44,122 - INFO - Epoch 2 step 1800/2500 loss 0.4616
2025-12-11 04:58:54,054 - INFO - Epoch 2 step 1900/2500 loss 0.4538
2025-12-11 05:01:03,145 - INFO - Epoch 2 step 2000/2500 loss 0.4475
2025-12-11 05:03:07,271 - INFO - Epoch 2 step 2100/2500 loss 0.4405
2025-12-11 05:05:08,076 - INFO - Epoch 2 step 2200/2500 loss 0.4345
2025-12-11 05:07:13,596 - INFO - Epoch 2 step 2300/2500 loss 0.4283
2025-12-11 05:09:25,910 - INFO - Epoch 2 step 2400/2500 loss 0.4222
2025-12-11 05:11:47,540 - INFO - Epoch 2 step 2500/2500 loss 0.4165
2025-12-11 05:13:04,810 - INFO - Epoch 2/3 | Loss: 0.4165 | ROUGE-L dev: 0.0675
2025-12-11 05:15:16,532 - INFO - Epoch 3 step 100/2500 loss 0.2400
2025-12-11 05:17:32,910 - INFO - Epoch 3 step 200/2500 loss 0.2328
2025-12-11 05:19:47,595 - INFO - Epoch 3 step 300/2500 loss 0.2242
2025-12-11 05:21:52,264 - INFO - Epoch 3 step 400/2500 loss 0.2195
2025-12-11 05:24:08,545 - INFO - Epoch 3 step 500/2500 loss 0.2193
2025-12-11 05:26:24,127 - INFO - Epoch 3 step 600/2500 loss 0.2154
2025-12-11 05:28:27,757 - INFO - Epoch 3 step 700/2500 loss 0.2151
2025-12-11 05:30:33,877 - INFO - Epoch 3 step 800/2500 loss 0.2138
2025-12-11 05:32:40,405 - INFO - Epoch 3 step 900/2500 loss 0.2105
2025-12-11 05:34:50,103 - INFO - Epoch 3 step 1000/2500 loss 0.2105
2025-12-11 05:36:56,694 - INFO - Epoch 3 step 1100/2500 loss 0.2084
2025-12-11 05:39:02,044 - INFO - Epoch 3 step 1200/2500 loss 0.2069
2025-12-11 05:41:11,369 - INFO - Epoch 3 step 1300/2500 loss 0.2048
2025-12-11 05:43:14,651 - INFO - Epoch 3 step 1400/2500 loss 0.2039
2025-12-11 05:45:21,266 - INFO - Epoch 3 step 1500/2500 loss 0.2017
2025-12-11 05:47:28,611 - INFO - Epoch 3 step 1600/2500 loss 0.1994
2025-12-11 05:49:39,813 - INFO - Epoch 3 step 1700/2500 loss 0.1972
2025-12-11 05:51:43,714 - INFO - Epoch 3 step 1800/2500 loss 0.1948
2025-12-11 05:53:46,705 - INFO - Epoch 3 step 1900/2500 loss 0.1929
2025-12-11 05:55:57,250 - INFO - Epoch 3 step 2000/2500 loss 0.1912
2025-12-11 05:58:08,294 - INFO - Epoch 3 step 2100/2500 loss 0.1904
2025-12-11 06:00:29,653 - INFO - Epoch 3 step 2200/2500 loss 0.1886
2025-12-11 06:02:40,831 - INFO - Epoch 3 step 2300/2500 loss 0.1862
2025-12-11 06:04:47,979 - INFO - Epoch 3 step 2400/2500 loss 0.1852
2025-12-11 06:07:09,760 - INFO - Epoch 3 step 2500/2500 loss 0.1831
2025-12-11 06:08:25,904 - INFO - Epoch 3/3 | Loss: 0.1831 | ROUGE-L dev: 0.0474
2025-12-11 06:09:42,257 - INFO - Final Test ROUGE-L: 0.0499