2025-12-10 16:05:59,440 - INFO - Start training Bài 2 - Seq2Seq LSTM_Bahdanau_attn (PhoMT MT task)
2025-12-10 16:05:59,580 - INFO - Loading vocab from cache...
2025-12-10 16:10:24,262 - INFO - Epoch 1 step 100/2500 loss 6.4326
2025-12-10 16:14:37,732 - INFO - Epoch 1 step 200/2500 loss 6.2269
2025-12-10 16:18:52,978 - INFO - Epoch 1 step 300/2500 loss 5.9785
2025-12-10 16:23:11,081 - INFO - Epoch 1 step 400/2500 loss 5.7021
2025-12-10 16:27:01,639 - INFO - Epoch 1 step 500/2500 loss 5.4292
2025-12-10 16:31:18,207 - INFO - Epoch 1 step 600/2500 loss 5.1551
2025-12-10 16:35:38,149 - INFO - Epoch 1 step 700/2500 loss 4.9014
2025-12-10 16:39:27,483 - INFO - Epoch 1 step 800/2500 loss 4.6573
2025-12-10 16:43:26,093 - INFO - Epoch 1 step 900/2500 loss 4.4272
2025-12-10 16:47:38,056 - INFO - Epoch 1 step 1000/2500 loss 4.2145
2025-12-10 16:51:28,012 - INFO - Epoch 1 step 1100/2500 loss 4.0230
2025-12-10 16:55:40,876 - INFO - Epoch 1 step 1200/2500 loss 3.8473
2025-12-10 16:59:49,212 - INFO - Epoch 1 step 1300/2500 loss 3.6908
2025-12-10 17:04:07,218 - INFO - Epoch 1 step 1400/2500 loss 3.5429
2025-12-10 17:08:23,526 - INFO - Epoch 1 step 1500/2500 loss 3.4052
2025-12-10 17:12:30,490 - INFO - Epoch 1 step 1600/2500 loss 3.2774
2025-12-10 17:16:45,947 - INFO - Epoch 1 step 1700/2500 loss 3.1624
2025-12-10 17:21:21,549 - INFO - Epoch 1 step 1800/2500 loss 3.0552
2025-12-10 17:25:41,212 - INFO - Epoch 1 step 1900/2500 loss 2.9522
2025-12-10 17:29:48,954 - INFO - Epoch 1 step 2000/2500 loss 2.8559
2025-12-10 17:34:09,777 - INFO - Epoch 1 step 2100/2500 loss 2.7674
2025-12-10 17:38:27,861 - INFO - Epoch 1 step 2200/2500 loss 2.6849
2025-12-10 17:42:52,006 - INFO - Epoch 1 step 2300/2500 loss 2.6098
2025-12-10 17:47:28,219 - INFO - Epoch 1 step 2400/2500 loss 2.5366
2025-12-10 17:52:08,681 - INFO - Epoch 1 step 2500/2500 loss 2.4681
2025-12-10 17:54:43,321 - INFO - Epoch 1/3 | Loss: 2.4681 | ROUGE-L dev: 0.0257
2025-12-10 17:59:03,324 - INFO - Epoch 2 step 100/2500 loss 0.7004
2025-12-10 18:03:14,556 - INFO - Epoch 2 step 200/2500 loss 0.6875
2025-12-10 18:07:29,444 - INFO - Epoch 2 step 300/2500 loss 0.6703
2025-12-10 18:11:47,240 - INFO - Epoch 2 step 400/2500 loss 0.6568
2025-12-10 18:16:05,591 - INFO - Epoch 2 step 500/2500 loss 0.6459
2025-12-10 18:20:12,391 - INFO - Epoch 2 step 600/2500 loss 0.6322
2025-12-10 18:24:35,061 - INFO - Epoch 2 step 700/2500 loss 0.6211
2025-12-10 18:28:55,299 - INFO - Epoch 2 step 800/2500 loss 0.6095
2025-12-10 18:33:27,634 - INFO - Epoch 2 step 900/2500 loss 0.5998
2025-12-10 18:37:41,111 - INFO - Epoch 2 step 1000/2500 loss 0.5873
2025-12-10 18:42:10,587 - INFO - Epoch 2 step 1100/2500 loss 0.5769
2025-12-10 18:46:20,862 - INFO - Epoch 2 step 1200/2500 loss 0.5649
2025-12-10 18:50:48,363 - INFO - Epoch 2 step 1300/2500 loss 0.5546
2025-12-10 18:55:02,962 - INFO - Epoch 2 step 1400/2500 loss 0.5430
2025-12-10 18:59:21,297 - INFO - Epoch 2 step 1500/2500 loss 0.5330
2025-12-10 19:03:52,741 - INFO - Epoch 2 step 1600/2500 loss 0.5225
2025-12-10 19:08:13,748 - INFO - Epoch 2 step 1700/2500 loss 0.5141
2025-12-10 19:12:31,521 - INFO - Epoch 2 step 1800/2500 loss 0.5051
2025-12-10 19:16:46,825 - INFO - Epoch 2 step 1900/2500 loss 0.4960
2025-12-10 19:21:15,792 - INFO - Epoch 2 step 2000/2500 loss 0.4882
2025-12-10 19:25:33,843 - INFO - Epoch 2 step 2100/2500 loss 0.4799
2025-12-10 19:30:06,717 - INFO - Epoch 2 step 2200/2500 loss 0.4728
2025-12-10 19:34:11,384 - INFO - Epoch 2 step 2300/2500 loss 0.4663
2025-12-10 19:38:10,952 - INFO - Epoch 2 step 2400/2500 loss 0.4585
2025-12-10 19:42:22,967 - INFO - Epoch 2 step 2500/2500 loss 0.4517
2025-12-10 19:44:56,322 - INFO - Epoch 2/3 | Loss: 0.4517 | ROUGE-L dev: 0.0553
INFO:bai1:Epoch 2/3 | Loss: 0.4517 | ROUGE-L dev: 0.0553
2025-12-10 19:48:58,621 - INFO - Epoch 3 step 100/2500 loss 0.2451
2025-12-10 19:53:14,234 - INFO - Epoch 3 step 200/2500 loss 0.2333
2025-12-10 19:57:22,907 - INFO - Epoch 3 step 300/2500 loss 0.2387
2025-12-10 20:01:25,894 - INFO - Epoch 3 step 400/2500 loss 0.2329
2025-12-10 20:05:48,055 - INFO - Epoch 3 step 500/2500 loss 0.2296
2025-12-10 20:09:48,360 - INFO - Epoch 3 step 600/2500 loss 0.2277
2025-12-10 20:13:55,219 - INFO - Epoch 3 step 700/2500 loss 0.2242
2025-12-10 20:17:59,410 - INFO - Epoch 3 step 800/2500 loss 0.2235
2025-12-10 20:22:11,685 - INFO - Epoch 3 step 900/2500 loss 0.2186
2025-12-10 20:26:15,530 - INFO - Epoch 3 step 1000/2500 loss 0.2152
2025-12-10 20:30:29,499 - INFO - Epoch 3 step 1100/2500 loss 0.2126
2025-12-10 20:35:06,045 - INFO - Epoch 3 step 1200/2500 loss 0.2108
2025-12-10 20:39:10,543 - INFO - Epoch 3 step 1300/2500 loss 0.2077
2025-12-10 20:43:19,682 - INFO - Epoch 3 step 1400/2500 loss 0.2046
2025-12-10 20:47:53,973 - INFO - Epoch 3 step 1500/2500 loss 0.2024
2025-12-10 20:52:07,434 - INFO - Epoch 3 step 1600/2500 loss 0.1994
2025-12-10 20:56:46,706 - INFO - Epoch 3 step 1700/2500 loss 0.1972
2025-12-10 21:01:00,467 - INFO - Epoch 3 step 1800/2500 loss 0.1955
2025-12-10 21:05:09,896 - INFO - Epoch 3 step 1900/2500 loss 0.1932
2025-12-10 21:09:31,042 - INFO - Epoch 3 step 2000/2500 loss 0.1906
2025-12-10 21:14:09,857 - INFO - Epoch 3 step 2100/2500 loss 0.1881
2025-12-10 21:18:18,057 - INFO - Epoch 3 step 2200/2500 loss 0.1867
2025-12-10 21:22:52,435 - INFO - Epoch 3 step 2300/2500 loss 0.1842
2025-12-10 21:26:55,997 - INFO - Epoch 3 step 2400/2500 loss 0.1825
2025-12-10 21:31:12,419 - INFO - Epoch 3 step 2500/2500 loss 0.1811
2025-12-10 21:33:47,557 - INFO - Epoch 3/3 | Loss: 0.1811 | ROUGE-L dev: 0.0143
2025-12-10 21:36:28,786 - INFO - Final Test ROUGE-L: 0.0152