2025-12-11 03:33:32,720 - INFO - Start training Bài 3 - Seq2Seq LSTM (Luong Attention) on PhoMT
2025-12-11 03:33:32,804 - INFO - Loading vocab from cache...
2025-12-11 03:37:33,648 - INFO - Epoch 1 step 100/2500 loss 6.4308
2025-12-11 03:42:38,860 - INFO - Epoch 1 step 200/2500 loss 6.0836
2025-12-11 03:48:31,437 - INFO - Epoch 1 step 300/2500 loss 5.7303
2025-12-11 03:53:31,228 - INFO - Epoch 1 step 400/2500 loss 5.4418
2025-12-11 03:59:03,488 - INFO - Epoch 1 step 500/2500 loss 5.1987
2025-12-11 04:04:35,763 - INFO - Epoch 1 step 600/2500 loss 5.0133
2025-12-11 04:09:56,743 - INFO - Epoch 1 step 700/2500 loss 4.8459
2025-12-11 04:14:56,956 - INFO - Epoch 1 step 800/2500 loss 4.6758
2025-12-11 04:19:55,447 - INFO - Epoch 1 step 900/2500 loss 4.5137
2025-12-11 04:24:26,590 - INFO - Epoch 1 step 1000/2500 loss 4.3490
2025-12-11 04:29:33,449 - INFO - Epoch 1 step 1100/2500 loss 4.1979
2025-12-11 04:35:32,975 - INFO - Epoch 1 step 1200/2500 loss 4.0462
2025-12-11 04:41:42,572 - INFO - Epoch 1 step 1300/2500 loss 3.9052
2025-12-11 04:47:15,228 - INFO - Epoch 1 step 1400/2500 loss 3.7664
2025-12-11 04:53:06,792 - INFO - Epoch 1 step 1500/2500 loss 3.6418
2025-12-11 04:58:42,890 - INFO - Epoch 1 step 1600/2500 loss 3.5226
2025-12-11 05:04:10,504 - INFO - Epoch 1 step 1700/2500 loss 3.4108
2025-12-11 05:10:25,598 - INFO - Epoch 1 step 1800/2500 loss 3.3083
2025-12-11 05:16:48,125 - INFO - Epoch 1 step 1900/2500 loss 3.2103
2025-12-11 05:22:40,644 - INFO - Epoch 1 step 2000/2500 loss 3.1202
2025-12-11 05:28:44,381 - INFO - Epoch 1 step 2100/2500 loss 3.0332
2025-12-11 05:34:49,359 - INFO - Epoch 1 step 2200/2500 loss 2.9511
2025-12-11 05:40:54,259 - INFO - Epoch 1 step 2300/2500 loss 2.8749
2025-12-11 05:46:46,936 - INFO - Epoch 1 step 2400/2500 loss 2.8031
2025-12-11 05:52:55,537 - INFO - Epoch 1 step 2500/2500 loss 2.7341
2025-12-11 05:55:06,921 - INFO - Epoch 1/3 | Loss: 2.7341 | ROUGE-L dev: 0.0208
2025-12-11 06:01:08,573 - INFO - Epoch 2 step 100/2500 loss 1.0241
2025-12-11 06:07:12,808 - INFO - Epoch 2 step 200/2500 loss 1.0013
2025-12-11 06:13:03,036 - INFO - Epoch 2 step 300/2500 loss 0.9883
2025-12-11 06:18:34,197 - INFO - Epoch 2 step 400/2500 loss 0.9818
2025-12-11 06:24:04,168 - INFO - Epoch 2 step 500/2500 loss 0.9756
2025-12-11 06:29:30,228 - INFO - Epoch 2 step 600/2500 loss 0.9586
2025-12-11 06:35:13,441 - INFO - Epoch 2 step 700/2500 loss 0.9411
2025-12-11 06:40:11,736 - INFO - Epoch 2 step 800/2500 loss 0.9248
2025-12-11 06:45:09,411 - INFO - Epoch 2 step 900/2500 loss 0.9093
2025-12-11 06:50:25,009 - INFO - Epoch 2 step 1000/2500 loss 0.8979
2025-12-11 06:55:28,438 - INFO - Epoch 2 step 1100/2500 loss 0.8836
2025-12-11 07:00:48,666 - INFO - Epoch 2 step 1200/2500 loss 0.8697
2025-12-11 07:05:49,452 - INFO - Epoch 2 step 1300/2500 loss 0.8538
2025-12-11 07:11:38,245 - INFO - Epoch 2 step 1400/2500 loss 0.8451
2025-12-11 07:16:44,345 - INFO - Epoch 2 step 1500/2500 loss 0.8402
2025-12-11 07:21:54,120 - INFO - Epoch 2 step 1600/2500 loss 0.8375
2025-12-11 07:27:31,514 - INFO - Epoch 2 step 1700/2500 loss 0.8274
2025-12-11 07:33:01,490 - INFO - Epoch 2 step 1800/2500 loss 0.8151
2025-12-11 07:38:23,180 - INFO - Epoch 2 step 1900/2500 loss 0.8039
2025-12-11 07:43:53,160 - INFO - Epoch 2 step 2000/2500 loss 0.7935
2025-12-11 07:49:29,738 - INFO - Epoch 2 step 2100/2500 loss 0.7823
2025-12-11 07:54:21,190 - INFO - Epoch 2 step 2200/2500 loss 0.7708
2025-12-11 07:59:39,588 - INFO - Epoch 2 step 2300/2500 loss 0.7604
2025-12-11 08:05:18,222 - INFO - Epoch 2 step 2400/2500 loss 0.7499
2025-12-11 08:10:40,712 - INFO - Epoch 2 step 2500/2500 loss 0.7399
2025-12-11 08:12:57,020 - INFO - Epoch 2/3 | Loss: 0.7399 | ROUGE-L dev: 0.0458
2025-12-11 08:18:22,649 - INFO - Epoch 3 step 100/2500 loss 0.4807
2025-12-11 08:23:46,799 - INFO - Epoch 3 step 200/2500 loss 0.4727
2025-12-11 08:28:46,761 - INFO - Epoch 3 step 300/2500 loss 0.4728
2025-12-11 08:34:17,640 - INFO - Epoch 3 step 400/2500 loss 0.4616
2025-12-11 08:40:16,285 - INFO - Epoch 3 step 500/2500 loss 0.4575
2025-12-11 08:45:40,064 - INFO - Epoch 3 step 600/2500 loss 0.4495
2025-12-11 08:51:37,670 - INFO - Epoch 3 step 700/2500 loss 0.4445
2025-12-11 08:57:13,204 - INFO - Epoch 3 step 800/2500 loss 0.4385
2025-12-11 09:02:46,864 - INFO - Epoch 3 step 900/2500 loss 0.4339
2025-12-11 09:08:22,365 - INFO - Epoch 3 step 1000/2500 loss 0.4308
2025-12-11 09:14:08,570 - INFO - Epoch 3 step 1100/2500 loss 0.4263
2025-12-11 09:19:46,543 - INFO - Epoch 3 step 1200/2500 loss 0.4239
2025-12-11 09:25:59,119 - INFO - Epoch 3 step 1300/2500 loss 0.4207
2025-12-11 09:31:44,863 - INFO - Epoch 3 step 1400/2500 loss 0.4179
2025-12-11 09:37:41,411 - INFO - Epoch 3 step 1500/2500 loss 0.4160
2025-12-11 09:42:53,616 - INFO - Epoch 3 step 1600/2500 loss 0.4131
2025-12-11 09:48:17,440 - INFO - Epoch 3 step 1700/2500 loss 0.4092
2025-12-11 09:53:56,336 - INFO - Epoch 3 step 1800/2500 loss 0.4067
2025-12-11 09:59:34,437 - INFO - Epoch 3 step 1900/2500 loss 0.4043
2025-12-11 10:05:26,026 - INFO - Epoch 3 step 2000/2500 loss 0.4022
2025-12-11 10:11:09,921 - INFO - Epoch 3 step 2100/2500 loss 0.4004
2025-12-11 10:16:52,010 - INFO - Epoch 3 step 2200/2500 loss 0.3979
2025-12-11 10:22:06,680 - INFO - Epoch 3 step 2300/2500 loss 0.3955
2025-12-11 10:27:52,036 - INFO - Epoch 3 step 2400/2500 loss 0.3934
2025-12-11 10:33:19,389 - INFO - Epoch 3 step 2500/2500 loss 0.3905
2025-12-11 10:35:44,295 - INFO - Epoch 3/3 | Loss: 0.3905 | ROUGE-L dev: 0.0089
2025-12-11 10:38:11,821 - INFO - Final Test ROUGE-L: 0.0099